MemTotal:         875692 kB
MemFree:          420356 kB
MemAvailable:     644856 kB
Buffers:            2684 kB
Cached:           346704 kB
SwapCached:         1752 kB
Active:           198508 kB
Inactive:         118664 kB
Active(anon):       4984 kB
Inactive(anon):    46640 kB
Active(file):     193524 kB
Inactive(file):    72024 kB
Unevictable:       67968 kB
Mlocked:              32 kB
HighTotal:        184320 kB
HighFree:          67836 kB
LowTotal:         691372 kB
LowFree:          352520 kB
SwapTotal:        102396 kB
SwapFree:           4288 kB
Dirty:               136 kB
Writeback:             0 kB
AnonPages:         34220 kB
Mapped:            75656 kB
Shmem:             83748 kB
KReclaimable:      16960 kB
Slab:              34964 kB
SReclaimable:      16960 kB
SUnreclaim:        18004 kB
KernelStack:        1688 kB
PageTables:         4120 kB
NFS_Unstable:          0 kB
Bounce:                0 kB
WritebackTmp:          0 kB
CommitLimit:      540240 kB
Committed_AS:     923276 kB
VmallocTotal:     245760 kB
VmallocUsed:        4316 kB
VmallocChunk:          0 kB
Percpu:              464 kB
CmaTotal:         262144 kB
CmaFree:          135588 kB
