MemTotal:         875692 kB
MemFree:          444092 kB
MemAvailable:     632856 kB
Buffers:           54780 kB
Cached:           241132 kB
SwapCached:         1804 kB
Active:           124988 kB
Inactive:         168460 kB
Active(anon):      12112 kB
Inactive(anon):    52520 kB
Active(file):     112876 kB
Inactive(file):   115940 kB
Unevictable:       55260 kB
Mlocked:              32 kB
HighTotal:        184320 kB
HighFree:          26476 kB
LowTotal:         691372 kB
LowFree:          417616 kB
SwapTotal:        102396 kB
SwapFree:          16168 kB
Dirty:               268 kB
Writeback:             0 kB
AnonPages:         51444 kB
Mapped:            78444 kB
Shmem:             66900 kB
KReclaimable:      27144 kB
Slab:              46356 kB
SReclaimable:      27144 kB
SUnreclaim:        19212 kB
KernelStack:        1704 kB
PageTables:         4092 kB
NFS_Unstable:          0 kB
Bounce:                0 kB
WritebackTmp:          0 kB
CommitLimit:      540240 kB
Committed_AS:     911344 kB
VmallocTotal:     245760 kB
VmallocUsed:        4316 kB
VmallocChunk:          0 kB
Percpu:              464 kB
CmaTotal:         262144 kB
CmaFree:          234724 kB
