MemTotal:         875692 kB
MemFree:          543208 kB
MemAvailable:     649104 kB
Buffers:           18864 kB
Cached:           195364 kB
SwapCached:         1128 kB
Active:           137764 kB
Inactive:          60972 kB
Active(anon):      11164 kB
Inactive(anon):    40176 kB
Active(file):     126600 kB
Inactive(file):    20796 kB
Unevictable:       55264 kB
Mlocked:              32 kB
HighTotal:        184320 kB
HighFree:          59812 kB
LowTotal:         691372 kB
LowFree:          483396 kB
SwapTotal:        102396 kB
SwapFree:          13652 kB
Dirty:               212 kB
Writeback:             0 kB
AnonPages:         39060 kB
Mapped:            82588 kB
Shmem:             66688 kB
KReclaimable:      24244 kB
Slab:              42700 kB
SReclaimable:      24244 kB
SUnreclaim:        18456 kB
KernelStack:        1648 kB
PageTables:         4012 kB
NFS_Unstable:          0 kB
Bounce:                0 kB
WritebackTmp:          0 kB
CommitLimit:      540240 kB
Committed_AS:     899704 kB
VmallocTotal:     245760 kB
VmallocUsed:        4292 kB
VmallocChunk:          0 kB
Percpu:              464 kB
CmaTotal:         262144 kB
CmaFree:          239672 kB
