MemTotal:         875692 kB
MemFree:          575824 kB
MemAvailable:     652208 kB
Buffers:            8236 kB
Cached:           185844 kB
SwapCached:         1080 kB
Active:            65200 kB
Inactive:          95156 kB
Active(anon):        728 kB
Inactive(anon):    39504 kB
Active(file):      64472 kB
Inactive(file):    55652 kB
Unevictable:       64764 kB
Mlocked:              32 kB
HighTotal:        184320 kB
HighFree:          30504 kB
LowTotal:         691372 kB
LowFree:          545320 kB
SwapTotal:        102396 kB
SwapFree:           1564 kB
Dirty:             15056 kB
Writeback:             0 kB
AnonPages:         30296 kB
Mapped:            61228 kB
Shmem:             73876 kB
KReclaimable:      19768 kB
Slab:              38540 kB
SReclaimable:      19768 kB
SUnreclaim:        18772 kB
KernelStack:        1720 kB
PageTables:         4044 kB
NFS_Unstable:          0 kB
Bounce:                0 kB
WritebackTmp:          0 kB
CommitLimit:      540240 kB
Committed_AS:     910828 kB
VmallocTotal:     245760 kB
VmallocUsed:        4316 kB
VmallocChunk:          0 kB
Percpu:              464 kB
CmaTotal:         262144 kB
CmaFree:          242828 kB
